// Vitest Snapshot v1, https://vitest.dev/guide/snapshot.html

exports[`Modal Component > matches snapshot when open 1`] = `
<DocumentFragment>
  <div
    class="modal-overlay modal-open"
    data-testid="modal-overlay"
  >
    <div
      class="modal-content modal-medium"
    >
      <div
        class="modal-header"
      >
        <h2
          class="modal-title"
        >
          Modal Title
        </h2>
        <button
          aria-label="Fermer"
          class="modal-close-btn"
        >
          X
        </button>
      </div>
      <div
        class="modal-body"
      >
        <div>
          Snapshot Content
        </div>
      </div>
    </div>
  </div>
</DocumentFragment>
`;
